#./src/main/resources/Entities.map
#Tue Mar 05 19:19:33 CET 2019
trashBoxAdmin1=413
inBoxBrotherhood1=418
configuration1=457
finderMember3=425
finderMember2=424
finderMember1=423
historian=454
trashBoxMember3=440
outBoxMember3=438
trashBoxMember2=435
inBoxAdmin1=410
trashBoxMember1=430
outBoxMember2=433
HIGH=442
outBoxMember1=428
spamBoxBrotherhood1=420
request2=463
vicepresident=450
request1=462
secretary=451
default=456
inBoxMember3=437
enrolment3=466
socialProfileMember2=426
inBoxMember2=432
notificationBoxBrotherhood1=422
enrolment2=465
inBoxMember1=427
enrolment1=464
member3=460
member2=459
notificationBoxAdmin1=414
member1=458
spamBoxAdmin1=412
brotherhood1=415
floatEntity2=446
floatEntity1=445
outBoxAdmin1=411
officer=455
LOW=444
notificationBoxMember3=441
notificationBoxMember2=436
trashBoxBrotherhood1=421
notificationBoxMember1=431
procession2=448
procession1=447
messageMember1=461
userAccount5=407
userAccount4=406
president=449
areaBrotherhood1=416
userAccount3=405
userAccount2=404
userAccount1=403
MEDIUM=443
fundraiser=453
treasurer=452
socialProfileBrotherhood1=417
admin1=408
outBoxBrotherhood1=419
spamBoxMember3=439
spamBoxMember2=434
spamBoxMember1=429
socialProfileAdmin1=409
